Analyzing kidsero_driver...                                     

warning - The exception variable 'e' isn't used, so the 'catch' clause can be removed - lib\core\network\api_helper.dart:52:30 - unused_catch_clause
warning - The exception variable 'e' isn't used, so the 'catch' clause can be removed - lib\core\network\api_helper.dart:61:30 - unused_catch_clause
warning - The exception variable 'e' isn't used, so the 'catch' clause can be removed - lib\core\network\api_helper.dart:70:30 - unused_catch_clause
warning - The exception variable 'e' isn't used, so the 'catch' clause can be removed - lib\core\network\api_helper.dart:79:30 - unused_catch_clause
  error - The getter 'primary' isn't defined for the type 'AppColors' - lib\core\theme\app_theme.dart:6:29 - undefined_getter
  error - Invalid constant value - lib\core\theme\app_theme.dart:9:16 - invalid_constant
  error - The getter 'primary' isn't defined for the type 'AppColors' - lib\core\theme\app_theme.dart:9:26 - undefined_getter
  error - Invalid constant value - lib\core\theme\app_theme.dart:10:18 - invalid_constant
  error - The getter 'secondary' isn't defined for the type 'AppColors' - lib\core\theme\app_theme.dart:10:28 - undefined_getter
   info - 'background' is deprecated and shouldn't be used. Use surface instead. This feature was deprecated after v3.18.0-0.1.pre - lib\core\theme\app_theme.dart:12:7 - deprecated_member_use
  error - Invalid constant value - lib\core\theme\app_theme.dart:14:18 - invalid_constant
  error - The getter 'onPrimary' isn't defined for the type 'AppColors' - lib\core\theme\app_theme.dart:14:28 - undefined_getter
  error - Invalid constant value - lib\core\theme\app_theme.dart:15:20 - invalid_constant
  error - The getter 'onSecondary' isn't defined for the type 'AppColors' - lib\core\theme\app_theme.dart:15:30 - undefined_getter
  error - Invalid constant value - lib\core\theme\app_theme.dart:16:18 - invalid_constant
  error - The getter 'onSurface' isn't defined for the type 'AppColors' - lib\core\theme\app_theme.dart:16:28 - undefined_getter
   info - 'onBackground' is deprecated and shouldn't be used. Use onSurface instead. This feature was deprecated after v3.18.0-0.1.pre - lib\core\theme\app_theme.dart:17:7 - deprecated_member_use
  error - Invalid constant value - lib\core\theme\app_theme.dart:17:21 - invalid_constant
  error - The getter 'onBackground' isn't defined for the type 'AppColors' - lib\core\theme\app_theme.dart:17:31 - undefined_getter
  error - Invalid constant value - lib\core\theme\app_theme.dart:18:16 - invalid_constant
  error - The getter 'onError' isn't defined for the type 'AppColors' - lib\core\theme\app_theme.dart:18:26 - undefined_getter
   info - 'color' is deprecated and shouldn't be used. Use backgroundColor instead. This feature was deprecated after v3.33.0-0.2.pre - lib\core\theme\app_theme.dart:22:7 - deprecated_member_use
  error - Invalid constant value - lib\core\theme\app_theme.dart:22:14 - invalid_constant
  error - The getter 'primary' isn't defined for the type 'AppColors' - lib\core\theme\app_theme.dart:22:24 - undefined_getter
  error - Invalid constant value - lib\core\theme\app_theme.dart:23:39 - invalid_constant
  error - The getter 'onPrimary' isn't defined for the type 'AppColors' - lib\core\theme\app_theme.dart:23:49 - undefined_getter
  error - Invalid constant value - lib\core\theme\app_theme.dart:25:16 - invalid_constant
  error - The getter 'onPrimary' isn't defined for the type 'AppColors' - lib\core\theme\app_theme.dart:25:26 - undefined_getter
  error - Invalid constant value - lib\core\theme\app_theme.dart:31:20 - invalid_constant
  error - The getter 'primary' isn't defined for the type 'AppColors' - lib\core\theme\app_theme.dart:31:30 - undefined_getter
  error - Target of URI doesn't exist: 'package:flutter_gen/gen_l10n/app_localizations.dart' - lib\core\utils\l10n_utils.dart:2:8 - uri_does_not_exist
  error - Undefined name 'AppLocalizations' - lib\core\utils\l10n_utils.dart:9:18 - undefined_identifier
   info - 'withOpacity' is deprecated and shouldn't be used. Use .withValues() to avoid precision loss - lib\core\widgets\custom_button.dart:29:33 - deprecated_member_use
  error - Target of URI doesn't exist: '../../../core/theme/app_colors.dart' - lib\features\auth\ui\view\login_view.dart:3:8 - uri_does_not_exist
  error - Target of URI doesn't exist: '../../../core/theme/app_text_styles.dart' - lib\features\auth\ui\view\login_view.dart:4:8 - uri_does_not_exist
  error - Target of URI doesn't exist: '../../../core/theme/app_sizes.dart' - lib\features\auth\ui\view\login_view.dart:5:8 - uri_does_not_exist
  error - Target of URI doesn't exist: '../../../core/widgets/custom_button.dart' - lib\features\auth\ui\view\login_view.dart:6:8 - uri_does_not_exist
  error - Target of URI doesn't exist: '../../../core/widgets/custom_text_field.dart' - lib\features\auth\ui\view\login_view.dart:7:8 - uri_does_not_exist
  error - Target of URI doesn't exist: '../../../core/utils/enums.dart' - lib\features\auth\ui\view\login_view.dart:8:8 - uri_does_not_exist
  error - Target of URI doesn't exist: '../../../core/network/api_helper.dart' - lib\features\auth\ui\view\login_view.dart:12:8 - uri_does_not_exist
  error - Target of URI doesn't exist: '../../../core/utils/l10n_utils.dart' - lib\features\auth\ui\view\login_view.dart:13:8 - uri_does_not_exist
  error - Target of URI doesn't exist: '../../../core/widgets/custom_loading.dart' - lib\features\auth\ui\view\login_view.dart:14:8 - uri_does_not_exist
  error - Target of URI doesn't exist: '../../../core/widgets/custom_snackbar.dart' - lib\features\auth\ui\view\login_view.dart:15:8 - uri_does_not_exist
  error - Target of URI doesn't exist: '../../../core/routing/routes.dart' - lib\features\auth\ui\view\login_view.dart:17:8 - uri_does_not_exist
  error - Target of URI doesn't exist: 'package:flutter_gen/gen_l10n/app_localizations.dart' - lib\features\auth\ui\view\login_view.dart:20:8 - uri_does_not_exist
  error - Undefined class 'UserRole' - lib\features\auth\ui\view\login_view.dart:23:9 - undefined_class
  error - Undefined name 'AppLocalizations' - lib\features\auth\ui\view\login_view.dart:37:18 - undefined_identifier
  error - Undefined name 'UserRole' - lib\features\auth\ui\view\login_view.dart:38:37 - undefined_identifier
  error - Undefined name 'AppColors' - lib\features\auth\ui\view\login_view.dart:39:40 - undefined_identifier
  error - Undefined name 'AppColors' - lib\features\auth\ui\view\login_view.dart:39:67 - undefined_identifier
  error - The name 'ApiHelper' isn't a type, so it can't be used as a type argument - lib\features\auth\ui\view\login_view.dart:44:37 - non_type_as_type_argument
  error - The name 'ApiHelper' isn't a type, so it can't be used as a type argument - lib\features\auth\ui\view\login_view.dart:45:22 - non_type_as_type_argument
  error - Undefined name 'AppColors' - lib\features\auth\ui\view\login_view.dart:48:26 - undefined_identifier
  error - Invalid constant value - lib\features\auth\ui\view\login_view.dart:53:59 - invalid_constant
  error - Undefined name 'AppColors' - lib\features\auth\ui\view\login_view.dart:53:59 - undefined_identifier
  error - Undefined name 'CustomSnackbar' - lib\features\auth\ui\view\login_view.dart:60:15 - undefined_identifier
  error - Undefined name 'Routes' - lib\features\auth\ui\view\login_view.dart:61:26 - undefined_identifier
  error - Undefined name 'CustomSnackbar' - lib\features\auth\ui\view\login_view.dart:63:15 - undefined_identifier
  error - Undefined name 'AppSizes' - lib\features\auth\ui\view\login_view.dart:68:39 - undefined_identifier
  error - Undefined name 'AppTextStyles' - lib\features\auth\ui\view\login_view.dart:74:28 - undefined_identifier
  error - Undefined name 'AppSizes' - lib\features\auth\ui\view\login_view.dart:76:36 - undefined_identifier
  error - Undefined name 'AppTextStyles' - lib\features\auth\ui\view\login_view.dart:79:28 - undefined_identifier
  error - Undefined name 'AppSizes' - lib\features\auth\ui\view\login_view.dart:81:36 - undefined_identifier
  error - The method 'CustomTextField' isn't defined for the type '_LoginViewState' - lib\features\auth\ui\view\login_view.dart:82:19 - undefined_method
  error - Undefined name 'AppSizes' - lib\features\auth\ui\view\login_view.dart:88:36 - undefined_identifier
  error - The method 'CustomTextField' isn't defined for the type '_LoginViewState' - lib\features\auth\ui\view\login_view.dart:89:19 - undefined_method
  error - Undefined name 'AppSizes' - lib\features\auth\ui\view\login_view.dart:95:36 - undefined_identifier
  error - The method 'CustomButton' isn't defined for the type '_LoginViewState' - lib\features\auth\ui\view\login_view.dart:96:19 - undefined_method
  error - Target of URI doesn't exist: '../../../core/theme/app_colors.dart' - lib\features\auth\ui\view\role_selection_view.dart:2:8 - uri_does_not_exist
  error - Target of URI doesn't exist: '../../../core/theme/app_text_styles.dart' - lib\features\auth\ui\view\role_selection_view.dart:3:8 - uri_does_not_exist
  error - Target of URI doesn't exist: '../../../core/theme/app_sizes.dart' - lib\features\auth\ui\view\role_selection_view.dart:4:8 - uri_does_not_exist
  error - Target of URI doesn't exist: '../../../core/widgets/custom_button.dart' - lib\features\auth\ui\view\role_selection_view.dart:5:8 - uri_does_not_exist
  error - Target of URI doesn't exist: '../../../core/utils/enums.dart' - lib\features\auth\ui\view\role_selection_view.dart:6:8 - uri_does_not_exist
  error - Target of URI doesn't exist: '../../../core/routing/routes.dart' - lib\features\auth\ui\view\role_selection_view.dart:8:8 - uri_does_not_exist
  error - Target of URI doesn't exist: 'package:flutter_gen/gen_l10n/app_localizations.dart' - lib\features\auth\ui\view\role_selection_view.dart:11:8 - uri_does_not_exist
  error - Undefined name 'AppLocalizations' - lib\features\auth\ui\view\role_selection_view.dart:18:18 - undefined_identifier
  error - Undefined name 'AppColors' - lib\features\auth\ui\view\role_selection_view.dart:20:24 - undefined_identifier
  error - Undefined name 'AppSizes' - lib\features\auth\ui\view\role_selection_view.dart:23:35 - undefined_identifier
  error - Undefined name 'AppTextStyles' - lib\features\auth\ui\view\role_selection_view.dart:29:24 - undefined_identifier
  error - Undefined name 'AppSizes' - lib\features\auth\ui\view\role_selection_view.dart:32:32 - undefined_identifier
  error - Undefined name 'AppTextStyles' - lib\features\auth\ui\view\role_selection_view.dart:35:24 - undefined_identifier
  error - Undefined name 'AppSizes' - lib\features\auth\ui\view\role_selection_view.dart:38:32 - undefined_identifier
  error - The method 'CustomButton' isn't defined for the type 'RoleSelectionView' - lib\features\auth\ui\view\role_selection_view.dart:39:15 - undefined_method
  error - Undefined name 'AppColors' - lib\features\auth\ui\view\role_selection_view.dart:41:27 - undefined_identifier
  error - Undefined name 'Routes' - lib\features\auth\ui\view\role_selection_view.dart:42:47 - undefined_identifier
  error - Undefined name 'UserRole' - lib\features\auth\ui\view\role_selection_view.dart:42:68 - undefined_identifier
  error - Undefined name 'AppSizes' - lib\features\auth\ui\view\role_selection_view.dart:44:32 - undefined_identifier
  error - The method 'CustomButton' isn't defined for the type 'RoleSelectionView' - lib\features\auth\ui\view\role_selection_view.dart:45:15 - undefined_method
  error - Undefined name 'AppColors' - lib\features\auth\ui\view\role_selection_view.dart:47:27 - undefined_identifier
  error - Undefined name 'Routes' - lib\features\auth\ui\view\role_selection_view.dart:48:47 - undefined_identifier
  error - Undefined name 'UserRole' - lib\features\auth\ui\view\role_selection_view.dart:48:68 - undefined_identifier
  error - Target of URI doesn't exist: '../../../core/theme/app_colors.dart' - lib\features\home\ui\view\home_view.dart:3:8 - uri_does_not_exist
  error - Target of URI doesn't exist: '../../../core/theme/app_text_styles.dart' - lib\features\home\ui\view\home_view.dart:4:8 - uri_does_not_exist
  error - Target of URI doesn't exist: '../../../core/theme/app_sizes.dart' - lib\features\home\ui\view\home_view.dart:5:8 - uri_does_not_exist
  error - Target of URI doesn't exist: '../../../core/routing/routes.dart' - lib\features\home\ui\view\home_view.dart:6:8 - uri_does_not_exist
  error - Undefined name 'Routes' - lib\features\home\ui\view\home_view.dart:20:43 - undefined_identifier
  error - Undefined name 'AppTextStyles' - lib\features\home\ui\view\home_view.dart:27:18 - undefined_identifier
  error - Target of URI doesn't exist: '../../auth/data/models/user_model.dart' - lib\features\profile\data\models\profile_response_model.dart:1:8 - uri_does_not_exist
  error - Undefined class 'UserModel' - lib\features\profile\data\models\profile_response_model.dart:5:9 - undefined_class
  error - Undefined name 'UserModel' - lib\features\profile\data\models\profile_response_model.dart:16:58 - undefined_identifier
  error - Target of URI doesn't exist: '../../../common/data/models/common_response_model.dart' - lib\features\profile\data\repositories\profile_repository.dart:4:8 - uri_does_not_exist
  error - The name 'CommonResponseModel' isn't a type, so it can't be used as a type argument - lib\features\profile\data\repositories\profile_repository.dart:20:10 - non_type_as_type_argument
  error - Undefined name 'CommonResponseModel' - lib\features\profile\data\repositories\profile_repository.dart:29:14 - undefined_identifier
  error - The name 'CommonResponseModel' isn't a type, so it can't be used as a type argument - lib\features\profile\data\repositories\profile_repository.dart:35:10 - non_type_as_type_argument
  error - Undefined name 'CommonResponseModel' - lib\features\profile\data\repositories\profile_repository.dart:44:14 - undefined_identifier
  error - Target of URI doesn't exist: '../../../core/theme/app_colors.dart' - lib\features\profile\ui\view\change_password_view.dart:3:8 - uri_does_not_exist
  error - Target of URI doesn't exist: '../../../core/theme/app_text_styles.dart' - lib\features\profile\ui\view\change_password_view.dart:4:8 - uri_does_not_exist
  error - Target of URI doesn't exist: '../../../core/theme/app_sizes.dart' - lib\features\profile\ui\view\change_password_view.dart:5:8 - uri_does_not_exist
  error - Target of URI doesn't exist: '../../../core/widgets/custom_button.dart' - lib\features\profile\ui\view\change_password_view.dart:6:8 - uri_does_not_exist
  error - Target of URI doesn't exist: '../../../core/widgets/custom_text_field.dart' - lib\features\profile\ui\view\change_password_view.dart:7:8 - uri_does_not_exist
  error - Target of URI doesn't exist: '../../../core/network/api_helper.dart' - lib\features\profile\ui\view\change_password_view.dart:10:8 - uri_does_not_exist
  error - Target of URI doesn't exist: '../../../core/utils/l10n_utils.dart' - lib\features\profile\ui\view\change_password_view.dart:12:8 - uri_does_not_exist
  error - Target of URI doesn't exist: '../../../core/widgets/custom_loading.dart' - lib\features\profile\ui\view\change_password_view.dart:13:8 - uri_does_not_exist
  error - Target of URI doesn't exist: '../../../core/widgets/custom_snackbar.dart' - lib\features\profile\ui\view\change_password_view.dart:14:8 - uri_does_not_exist
  error - Target of URI doesn't exist: 'package:flutter_gen/gen_l10n/app_localizations.dart' - lib\features\profile\ui\view\change_password_view.dart:18:8 - uri_does_not_exist
  error - Undefined name 'AppLocalizations' - lib\features\profile\ui\view\change_password_view.dart:33:18 - undefined_identifier
  error - The name 'ApiHelper' isn't a type, so it can't be used as a type argument - lib\features\profile\ui\view\change_password_view.dart:36:40 - non_type_as_type_argument
  error - Undefined name 'AppColors' - lib\features\profile\ui\view\change_password_view.dart:39:26 - undefined_identifier
  error - Invalid constant value - lib\features\profile\ui\view\change_password_view.dart:44:59 - invalid_constant
  error - Undefined name 'AppColors' - lib\features\profile\ui\view\change_password_view.dart:44:59 - undefined_identifier
  error - Undefined name 'AppColors' - lib\features\profile\ui\view\change_password_view.dart:47:68 - undefined_identifier
  error - Undefined name 'AppSizes' - lib\features\profile\ui\view\change_password_view.dart:47:101 - undefined_identifier
  error - Undefined name 'CustomSnackbar' - lib\features\profile\ui\view\change_password_view.dart:52:15 - undefined_identifier
  error - Undefined name 'CustomSnackbar' - lib\features\profile\ui\view\change_password_view.dart:55:15 - undefined_identifier
  error - Undefined name 'AppSizes' - lib\features\profile\ui\view\change_password_view.dart:60:39 - undefined_identifier
  error - The method 'CustomTextField' isn't defined for the type '_ChangePasswordViewState' - lib\features\profile\ui\view\change_password_view.dart:63:19 - undefined_method
  error - Undefined name 'AppSizes' - lib\features\profile\ui\view\change_password_view.dart:69:36 - undefined_identifier
  error - The method 'CustomTextField' isn't defined for the type '_ChangePasswordViewState' - lib\features\profile\ui\view\change_password_view.dart:70:19 - undefined_method
  error - Undefined name 'AppSizes' - lib\features\profile\ui\view\change_password_view.dart:76:36 - undefined_identifier
  error - The method 'CustomButton' isn't defined for the type '_ChangePasswordViewState' - lib\features\profile\ui\view\change_password_view.dart:77:19 - undefined_method
  error - Undefined name 'AppColors' - lib\features\profile\ui\view\change_password_view.dart:79:31 - undefined_identifier
  error - Target of URI doesn't exist: '../../../core/theme/app_colors.dart' - lib\features\profile\ui\view\edit_profile_view.dart:3:8 - uri_does_not_exist
  error - Target of URI doesn't exist: '../../../core/theme/app_text_styles.dart' - lib\features\profile\ui\view\edit_profile_view.dart:4:8 - uri_does_not_exist
  error - Target of URI doesn't exist: '../../../core/theme/app_sizes.dart' - lib\features\profile\ui\view\edit_profile_view.dart:5:8 - uri_does_not_exist
  error - Target of URI doesn't exist: '../../../core/widgets/custom_button.dart' - lib\features\profile\ui\view\edit_profile_view.dart:6:8 - uri_does_not_exist
  error - Target of URI doesn't exist: '../../../core/widgets/custom_text_field.dart' - lib\features\profile\ui\view\edit_profile_view.dart:7:8 - uri_does_not_exist
  error - Target of URI doesn't exist: '../../auth/data/models/user_model.dart' - lib\features\profile\ui\view\edit_profile_view.dart:8:8 - uri_does_not_exist
  error - Target of URI doesn't exist: '../../../core/network/api_helper.dart' - lib\features\profile\ui\view\edit_profile_view.dart:11:8 - uri_does_not_exist
  error - Target of URI doesn't exist: '../../../core/utils/l10n_utils.dart' - lib\features\profile\ui\view\edit_profile_view.dart:13:8 - uri_does_not_exist
  error - Target of URI doesn't exist: '../../../core/widgets/custom_loading.dart' - lib\features\profile\ui\view\edit_profile_view.dart:14:8 - uri_does_not_exist
  error - Target of URI doesn't exist: '../../../core/widgets/custom_snackbar.dart' - lib\features\profile\ui\view\edit_profile_view.dart:15:8 - uri_does_not_exist
  error - Target of URI doesn't exist: 'package:flutter_gen/gen_l10n/app_localizations.dart' - lib\features\profile\ui\view\edit_profile_view.dart:19:8 - uri_does_not_exist
  error - Undefined class 'UserModel' - lib\features\profile\ui\view\edit_profile_view.dart:22:9 - undefined_class
  error - Undefined name 'AppLocalizations' - lib\features\profile\ui\view\edit_profile_view.dart:43:18 - undefined_identifier
  error - The name 'ApiHelper' isn't a type, so it can't be used as a type argument - lib\features\profile\ui\view\edit_profile_view.dart:46:40 - non_type_as_type_argument
  error - Undefined name 'AppColors' - lib\features\profile\ui\view\edit_profile_view.dart:49:26 - undefined_identifier
  error - Invalid constant value - lib\features\profile\ui\view\edit_profile_view.dart:54:59 - invalid_constant
  error - Undefined name 'AppColors' - lib\features\profile\ui\view\edit_profile_view.dart:54:59 - undefined_identifier
  error - Undefined name 'AppColors' - lib\features\profile\ui\view\edit_profile_view.dart:57:65 - undefined_identifier
  error - Undefined name 'AppSizes' - lib\features\profile\ui\view\edit_profile_view.dart:57:98 - undefined_identifier
  error - Undefined name 'CustomSnackbar' - lib\features\profile\ui\view\edit_profile_view.dart:62:15 - undefined_identifier
  error - Undefined name 'CustomSnackbar' - lib\features\profile\ui\view\edit_profile_view.dart:65:15 - undefined_identifier
  error - Undefined name 'AppSizes' - lib\features\profile\ui\view\edit_profile_view.dart:70:39 - undefined_identifier
  error - The method 'CustomTextField' isn't defined for the type '_EditProfileViewState' - lib\features\profile\ui\view\edit_profile_view.dart:73:19 - undefined_method
  error - Undefined name 'AppSizes' - lib\features\profile\ui\view\edit_profile_view.dart:78:36 - undefined_identifier
  error - The method 'CustomTextField' isn't defined for the type '_EditProfileViewState' - lib\features\profile\ui\view\edit_profile_view.dart:79:19 - undefined_method
  error - Undefined name 'AppSizes' - lib\features\profile\ui\view\edit_profile_view.dart:84:36 - undefined_identifier
  error - The method 'CustomButton' isn't defined for the type '_EditProfileViewState' - lib\features\profile\ui\view\edit_profile_view.dart:85:19 - undefined_method
  error - Undefined name 'AppColors' - lib\features\profile\ui\view\edit_profile_view.dart:87:31 - undefined_identifier
  error - Target of URI doesn't exist: '../../../core/theme/app_colors.dart' - lib\features\profile\ui\view\profile_view.dart:3:8 - uri_does_not_exist
  error - Target of URI doesn't exist: '../../../core/theme/app_text_styles.dart' - lib\features\profile\ui\view\profile_view.dart:4:8 - uri_does_not_exist
  error - Target of URI doesn't exist: '../../../core/theme/app_sizes.dart' - lib\features\profile\ui\view\profile_view.dart:5:8 - uri_does_not_exist
  error - Target of URI doesn't exist: '../../../core/network/api_helper.dart' - lib\features\profile\ui\view\profile_view.dart:10:8 - uri_does_not_exist
  error - Target of URI doesn't exist: '../../../core/utils/l10n_utils.dart' - lib\features\profile\ui\view\profile_view.dart:12:8 - uri_does_not_exist
  error - Target of URI doesn't exist: '../../../core/widgets/custom_loading.dart' - lib\features\profile\ui\view\profile_view.dart:13:8 - uri_does_not_exist
  error - Target of URI doesn't exist: '../../../core/widgets/custom_error_widget.dart' - lib\features\profile\ui\view\profile_view.dart:14:8 - uri_does_not_exist
  error - Target of URI doesn't exist: '../../../core/routing/routes.dart' - lib\features\profile\ui\view\profile_view.dart:16:8 - uri_does_not_exist
  error - Target of URI doesn't exist: 'package:flutter_gen/gen_l10n/app_localizations.dart' - lib\features\profile\ui\view\profile_view.dart:19:8 - uri_does_not_exist
  error - Undefined name 'AppLocalizations' - lib\features\profile\ui\view\profile_view.dart:26:18 - undefined_identifier
  error - The name 'ApiHelper' isn't a type, so it can't be used as a type argument - lib\features\profile\ui\view\profile_view.dart:29:40 - non_type_as_type_argument
  error - Undefined name 'AppColors' - lib\features\profile\ui\view\profile_view.dart:32:26 - undefined_identifier
  error - Undefined name 'AppColors' - lib\features\profile\ui\view\profile_view.dart:36:61 - undefined_identifier
  error - Undefined name 'AppSizes' - lib\features\profile\ui\view\profile_view.dart:36:94 - undefined_identifier
  error - The name 'CustomLoading' isn't a class - lib\features\profile\ui\view\profile_view.dart:42:28 - creation_with_non_type
  error - Undefined name 'AppSizes' - lib\features\profile\ui\view\profile_view.dart:46:41 - undefined_identifier
  error - Undefined name 'AppSizes' - lib\features\profile\ui\view\profile_view.dart:50:31 - undefined_identifier
  error - Undefined name 'AppSizes' - lib\features\profile\ui\view\profile_view.dart:52:77 - undefined_identifier
  error - Undefined name 'AppSizes' - lib\features\profile\ui\view\profile_view.dart:54:38 - undefined_identifier
  error - Undefined name 'AppTextStyles' - lib\features\profile\ui\view\profile_view.dart:55:44 - undefined_identifier
  error - Undefined name 'AppSizes' - lib\features\profile\ui\view\profile_view.dart:55:94 - undefined_identifier
  error - Undefined name 'AppTextStyles' - lib\features\profile\ui\view\profile_view.dart:56:45 - undefined_identifier
  error - Undefined name 'AppSizes' - lib\features\profile\ui\view\profile_view.dart:57:38 - undefined_identifier
  error - Undefined name 'Routes' - lib\features\profile\ui\view\profile_view.dart:62:49 - undefined_identifier
   info - Don't use 'BuildContext's across async gaps - lib\features\profile\ui\view\profile_view.dart:62:94 - use_build_context_synchronously
  error - Undefined name 'Routes' - lib\features\profile\ui\view\profile_view.dart:68:49 - undefined_identifier
  error - Undefined name 'AppColors' - lib\features\profile\ui\view\profile_view.dart:74:34 - undefined_identifier
  error - Undefined name 'Routes' - lib\features\profile\ui\view\profile_view.dart:76:36 - undefined_identifier
  error - The method 'CustomErrorWidget' isn't defined for the type 'ProfileView' - lib\features\profile\ui\view\profile_view.dart:83:22 - undefined_method
  error - Undefined name 'AppSizes' - lib\features\profile\ui\view\profile_view.dart:103:39 - undefined_identifier
  error - Undefined name 'AppColors' - lib\features\profile\ui\view\profile_view.dart:105:16 - undefined_identifier
  error - Undefined name 'AppSizes' - lib\features\profile\ui\view\profile_view.dart:106:45 - undefined_identifier
  error - Undefined name 'AppColors' - lib\features\profile\ui\view\profile_view.dart:109:49 - undefined_identifier
  error - Undefined name 'AppColors' - lib\features\profile\ui\view\profile_view.dart:113:33 - undefined_identifier
  error - Undefined name 'AppSizes' - lib\features\profile\ui\view\profile_view.dart:115:23 - undefined_identifier
  error - Undefined name 'AppSizes' - lib\features\profile\ui\view\profile_view.dart:118:55 - undefined_identifier
  error - Target of URI doesn't exist: 'package:flutter_gen/gen_l10n/app_localizations.dart' - lib\main.dart:13:8 - uri_does_not_exist
  error - The values in a const list literal must be constants - lib\main.dart:96:11 - non_constant_list_element
  error - Undefined name 'AppLocalizations' - lib\main.dart:96:11 - undefined_identifier

